1








                            FINITE ELEMENT PROGRAM
                  FOR STATIC AND DYNAMIC NONLINEAR ANALYSIS














                    PPPPPPPPP         AAAA        KK      KK
                    PPPPPPPPPP       AAAAAA       KK     KK
                    PP      PP      AA    AA      KK    KK
                    PP      PP     AA      AA     KK   KK
                    PPPPPPPPPP     AA      AA     KK  KK
                    PPPPPPPPP      AA      AA     KKKKK
                    PP             AAAAAAAAAA     KKKKKKK
                    PP             AAAAAAAAAA     KK    KK
                    PP             AA      AA     KK     KK
                    PP             AA      AA     KK      KK






     ---------------------------  VERSION  8.00  ---------------------------











                    "SVETOZAR MARKOVIC" UNIVERSITY
                    FAKULTY OF MECHANICAL ENGINEERING
                    SOFTWARE LABORATORY
                    34000 KRAGUJEVAC
                    YUGOSLAVIA










1
 A   C A R D   I M A G E   L I S T I N G   O F   T H E   I N P U T   D A T A
                            C O L U M N   N U M B E R
 CARD          1         2         3         4         5         6         7
 NUMB 1234567890123456789012345678901234567890123456789012345678901234567890
 ---- ----------------------------------------------------------------------
    1 C /1/ HEADING CARD (80A1)                                             
    2 C NASLOV                                                              
    3 SD_1A: EIGENVALUE ANALYSIS OF CATILEVER BEAM (3D ELEMENTS)            
    4 C /2/ FORMAT FOR INPUT DATA(free format)                              
    5 C INDFOR                                                              
    6     2                                                                 
    7 C /3/ BASIC DATA FOR THE PROBLEM (5I5)                                
    8 C NP,NGELEM,NMATM,NPER,JPS                                            
    9    68    5    1    1    1                                             
   10 C /4/ BASIC DATA FOR THE PROBLEM (6I2,3X,3I5)                         
   11 C (IOPGL(I),I=1,6),NDIN,ISOPS,ICVEL                                   
   12  0 0 0 1 1 1  0    1    1    1                                        
   13 C /5/ DATA FOR POST-PROCESSING (10I5)                                 
   14 C NULAZ,NBLPR,NBLGR,ISTKO,NCVPR,ISTEM,ISTVN,ISTSI,ISTDE,ISTNA         
   15     0    0    0    0    0    0    0    0    0    0                    
   16 C /7/ DATA FOR RESTART (I5,10X,2I5,2F10.0)                            
   17 C IREST,       NMODS,ICCGG,    TOLG,    ALFAG                         
   18     0              0    0        0.        0.                         
   19 C /8/ DATA FOR TIME STEPS (2I5,F10.0)                                 
   20 C   I,NKDT(I),DTDT(I)    (I=1,NPER)                                   
   21     1    1   1.                                                       
   22 C /8-1/ DATA FOR DYNAMIC ANALISYS (2I5)                               
   23 C IMASS,IDUMP                                                         
   24     1    0                                                            
   25 C /8-3/ EIGEN PROBLEM DATA (2I5)                                      
   26 C ISOPS, NSOPS                                                        
   27     1   10                                                            
   28 C /9/ DATA FOR EQULIBRIUM ITERATIONS (5I5,4F10.0,I5)                  
   29 C METOD,MAXIT,KONVE,KONVS,KONVM,TOLE,    TOLS,     TOLM,     TOLA,NBRC
   30     1   30    1    0    0  0.000001        0.        0.        0.    2
   31 C /10/ INPUT NODAL DATA (I5,A1,6I2,2X,3F10.0,2I5)   (K=1,NP)          
   32 C  N,CH,(ID(N,I),I=1,6),   (CORD(N,J),J=1,3),      KORC,INDS          
   33     1                 .05         1.        0.       12               
   34    61    1            .05                                             
   35     9                 .05        .900       0.       12               
   36    57                 .05        .100        0.                       
   37     4                 .05          1.      .050      12               
   38    64    1 1          .05                  .050                       
   39    11                 .05        .900       .10      12               
   40    59                 .05        .100       .10                       
   41     6                 .05          1.       .10      12               
   42    66    1            .05         .00       .10                       
   43     2                 .025        1.        0.       12               
   44    62    1            .025                                            
   45     7                 .025         1.       .10      12               
   46    67    1            .025        .00       .10                       
   47     3                             1.        0.       12               
   48    63    1                                                            
   49    10                            .900       0.       12               
   50    58                            .100        0.                       
 ---- ----------------------------------------------------------------------
 CARD          1         2         3         4         5         6         7
 NUMB 1234567890123456789012345678901234567890123456789012345678901234567890
                            C O L U M N   N U M B E R



1
 A   C A R D   I M A G E   L I S T I N G   O F   T H E   I N P U T   D A T A
                            C O L U M N   N U M B E R
 CARD          1         2         3         4         5         6         7
 NUMB 1234567890123456789012345678901234567890123456789012345678901234567890
 ---- ----------------------------------------------------------------------
   51     5                              1.      .050      12               
   52    65  1 1 1                               .050                       
   53    12                            .900       .10      12               
   54    60                            .100       .10                       
   55     8                              1.       .10      12               
   56    68    1                        .00       .10                       
   57 C /11/ DATA FOR MATERIAL MODELS (3I5)                                 
   58 C (MODEL(I,K),I=1,3)    (K=1,NMATM)                                   
   59     1    1    1                                                       
   60 C /12/ DATA FOR MATERIAL (2I5,F10.0)                                  
   61 C MOD  MAT     GUST                                                   
   62     1    1  7800.                                                     
   63 C /12-1/ MATERIAL MODEL 1 (ELASTIC-ISOTROPIC) (two cards)             
   64 C a) YOUNG'S MODULUS (F10.0)                                          
   65 C-   E                                                                
   66     2.0E11                                                            
   67 C b) POISSON'S RATIO (F10.0)                                          
   68 C-   V                                                                
   69     0.3                                                               
   70 C /13/ INPUT DATA FOR ELEMENT GROUP (8I5,3F10.0)    (I=1,NGELEM)      
   71 C NETIP,NE,IATYP,NMODM,INDBTH,INDDTH,INDKOV,ICOEF,COEF1,COEF2,   COEF3
   72     3    1    0    1                                                  
   73 C /13-3/ DATA FOR 3/D ISOPARAMETRIC ELEMENTS                          
   74 C a) First card with basic data for the element group (3I5)           
   75 C NGAUSX,NGAUSY,NGARSZ,                                          IALFA
   76     3    3    3                                                       
   77 C b) card with nodal point data of the current element (6I5)          
   78 C NN,NMAT,IPRCO,ISNA,IPGS,KORC                                        
   79     1    1    0    0    0    0                                        
   80 C c1) Card with nodal point data for the current element (8i5)        
   81 C (NEL(NN,I),I=1,8)                                                   
   82     8   20   18    6    3   15   13    1                              
   83 C c2) Card with nodal point data for the current element (13i5)       
   84 C (NEL(NN,I),I=9,21)                                                  
   85    12   19   11    7   10   14    9    2    5   17   16    4          
   86 C /13/ INPUT DATA FOR ELEMENT GROUP (8I5,3F10.0)    (I=1,NGELEM)      
   87 C NETIP,NE,IATYP,NMODM,INDBTH,INDDTH,INDKOV,ICOEF,COEF1,COEF2,   COEF3
   88     3    1    0    1                                                  
   89 C /13-3/ DATA FOR 3/D ISOPARAMETRIC ELEMENTS                          
   90 C a) First card with basic data for the element group (3I5)           
   91 C NGAUSX,NGAUSY,NGARSZ,                                          IALFA
   92     3    3    3                                                       
   93 C b) card with nodal point data of the current element (6I5)          
   94 C NN,NMAT,IPRCO,ISNA,IPGS,KORC                                        
   95     1    1    0    0    0    0                                        
   96 C /GROUP OF TWO CARDS WITH ELEMENT NODES                              
   97 C c1) Card with nodal point data for the current element (8i5)        
   98 C (NEL(NN,I),I=1,8)                                                   
   99    20   32   30   18   15   27   25   13                              
  100 C c2) Card with nodal point data for the current element (13i5)       
 ---- ----------------------------------------------------------------------
 CARD          1         2         3         4         5         6         7
 NUMB 1234567890123456789012345678901234567890123456789012345678901234567890
                            C O L U M N   N U M B E R



1
 A   C A R D   I M A G E   L I S T I N G   O F   T H E   I N P U T   D A T A
                            C O L U M N   N U M B E R
 CARD          1         2         3         4         5         6         7
 NUMB 1234567890123456789012345678901234567890123456789012345678901234567890
 ---- ----------------------------------------------------------------------
  101 C (NEL(NN,I),I=9,21)                                                  
  102    24   31   23   19   22   26   21   14   17   29   28   16          
  103 C NTIP,NE,IATYP,NMODM                                                 
  104     3    1    0    1                                                  
  105 C /13-3/ DATA FOR 3/D ISOPARAMETRIC ELEMENTS                          
  106 C a) First card with basic data for the element group (3I5)           
  107 C NGAUSX,NGAUSY,NGARSZ                                                
  108     3    3    3                                                       
  109 C b) card with nodal point data of the current element (6I5)          
  110 C NN,NMAT,IPRCO,ISNA,IPGS,KORC                                        
  111     1    1    0    0    0    0                                        
  112 C /GROUP OF TWO CARDS WITH ELEMENT NODES                              
  113 C c1) Card with nodal point data for the current element (8i5)        
  114 C (NEL(NN,I),I=1,8)                                                   
  115    32   44   42   30   27   39   37   25                              
  116 C c2) Card with nodal point data for the current element (13i5)       
  117 C (NEL(NN,I),I=9,21)                                                  
  118    36   43   35   31   34   38   33   26   29   41   40   28          
  119 C NTIP,NE,IATYP,NMODM                                                 
  120     3    1    0    1                                                  
  121 C /13-3/ DATA FOR 3/D ISOPARAMETRIC ELEMENTS                          
  122 C a) First card with basic data for the element group (3I5)           
  123 C NGAUSX,NGAUSY,NGARSZ                                                
  124     3    3    3                                                       
  125 C b) card with nodal point data of the current element (6I5)          
  126 C NN,NMAT,IPRCO,ISNA,IPGS,KORC                                        
  127     1    1    0    0    0    0                                        
  128 C /GROUP OF TWO CARDS WITH ELEMENT NODES                              
  129 C c1) Card with nodal point data for the current element (8i5)        
  130 C (NEL(NN,I),I=1,8)                                                   
  131    44   56   54   42   39   51   49   37                              
  132 C c2) Card with nodal point data for the current element (13i5)       
  133 C (NEL(NN,I),I=9,21)                                                  
  134    48   55   47   43   46   50   45   38   41   53   52   40          
  135     3    1    0    1                                                  
  136     3    3    3                                                       
  137     1    1    0    0    0    0                                        
  138    56   68   66   54   51   63   61   49                              
  139    60   67   59   55   58   62   57   50   53   65   64   52          
  140 C /14/ DATA FOR TIME FUNCTIONS (2I5)                                  
  141 C NTABFT,MAXTFT                                                       
  142     1    2                                                            
  143 C /14-1/ TIME FUNCTIONS   (IBR=1,NTABFT)                              
  144 C a) data about function in a table form (2I5)                        
  145 C IBR,IMAX    (IMAX.LE.MAXTFT)                                        
  146     1    2                                                            
  147 C b) values for argument - function (2F10.0)                          
  148 C ((FN(I,IBR,J),I=1,2),J=1,IMAX)                                      
  149     0.      1.                                                        
  150    10.      1.                                                        
 ---- ----------------------------------------------------------------------
 CARD          1         2         3         4         5         6         7
 NUMB 1234567890123456789012345678901234567890123456789012345678901234567890
                            C O L U M N   N U M B E R



1
 A   C A R D   I M A G E   L I S T I N G   O F   T H E   I N P U T   D A T A
                            C O L U M N   N U M B E R
 CARD          1         2         3         4         5         6         7
 NUMB 1234567890123456789012345678901234567890123456789012345678901234567890
 ---- ----------------------------------------------------------------------
  151 C /15/ GENERAL DATA ABOUT LOADS (3I5,10X,5I5)                         
  152 C NCF,NPP2,NPP3,          NPLJ,NTEMP,NZADP,INDZS,ICERNE               
  153     0    0    0              0    0    0    0    0                    
  154 C /16/ TERMINATED CARD (A4)	       'STOP'                             
  155 STOP                                                                  
 ---- ----------------------------------------------------------------------
 CARD          1         2         3         4         5         6         7
 NUMB 1234567890123456789012345678901234567890123456789012345678901234567890
                            C O L U M N   N U M B E R


 ******************* E N D   O F   I N P U T   L I S T I N G ***************



1
 CARD NUMBER    3



 ****************************************************************************

 SD_1A: EIGENVALUE ANALYSIS OF CATILEVER BEAM (3D ELEMENTS)                  

 ****************************************************************************






 CARD NUMBER    6



           FORMAT FOR INPUT DATA ......................... INDFOR =    2
                EQ.0; INDFOR = 1
                EQ.1; FREE FORMAT
                EQ.2; FIXED FORMAT


           FORMAT FOR NODE AND ELEMENT READING ............ IND56 =    0
                EQ.0; I5
                EQ.1; I10


           READ TEMPERATURE BY SEGMENTS ................ IDJERDAP =    0
                EQ.0; NO
                EQ.1; YES


           INDICATOR OF EXPERIMENT......................... IOPIT =    0
                EQ.0; NO
                EQ.1; BS
                EQ.2; SS
                EQ.3; VJ
                EQ.4; HJ






 CARD NUMBER    9



      B A S I C   D A T A   F O R   T H E   P R O B L E M
      ---------------------------------------------------


           TOTAL NUMBER OF NODAL POINTS ................. NP =        68
                LE.0; PROGRAM STOP


           TOTAL NUMBER OF DIFFERENT ELEMENT GROUPS ...... NGELEM =    5
                EQ.0; DEFAULT SET "1"


           TOTAL NUMBER OF DIFFERENT MATERIAL MODELS ...... NMATM =    1
                EQ.0; DEFAULT SET "1"


           NUMBER OF PERIODS WITH CONSTANT TIME STEPS ...... NPER =    1
                EQ.0; DEFAULT SET TO "1"


           TOTAL NUMBER SUBSTRUCTURES ......................  JPS =    1
                EQ.0; JPS = 1


           TOTAL NUMBER OF RIGID BODIES .................... NKRT =    0
                EQ.0; NO RIGID BODIES


           STRONG COUPLED PROBLEMS ........................ MIXED =    0
                EQ.0; NO
                EQ.1; DISPLACEMENT-STRESS MIXED METHOD
                EQ.2; DISPLACEMENT-PORE PRESSURE u-p
                EQ.3; DISPLACEMENT-PORE PRESSURE-RELATIVE DISPLACEMENT u-p-U


           NUMBER OF CRACKS FOR J INTEGRAL ............... NCRACK =    0
                EQ.0; NO CRACKS


           NUMBER OF CRACKS FOR XFEM METHOD .............. NCXFEM =    0
                EQ.0; NO CRACKS


           NUMBER OF CRACKS FOR MESLESS (GBM) .............. IGBM =    0
                EQ.0; NO CRACKS






 CARD NUMBER   12



           INDICATORS FOR GLOBAL CONSTRAINTS OF TRANSLATIONS AND ROTATIONS
                EQ.0; FREE
                EQ.1; RESTRAINED
                      GLOBAL TRANSLATION IN X DIRECTION  IOPGL(1) =    0
                      GLOBAL TRANSLATION IN Y DIRECTION  IOPGL(2) =    0
                      GLOBAL TRANSLATION IN Z DIRECTION  IOPGL(3) =    0
                      GLOBAL ROTATION AROUND X/V1 AXIS . IOPGL(4) =    1
                      GLOBAL ROTATION AROUND Y/V2 AXIS . IOPGL(5) =    1
                      GLOBAL ROTATION AROUND Z/VN AXIS . IOPGL(6) =    1


           TYPE OF ANALYSIS ................................ NDIN =    1
                EQ.0; STATICS
                EQ.1; DYNAMICS


           INDICATOR FOR EIGENVALUE COMPUTATIONS .......... ISOPS =    1
                EQ.0; NO COMPUTATIONS
                EQ.1; YES


           INDICATOR FOR NUMERATION OF NODES AND ELEMENTS . ICVEL =    1
                EQ.0; INCREASING
                EQ.1; FREE


           INDICATORS FOR GLOBAL CONSTRAINTS OF NODAL STRESSES
                EQ.0; NO CONSTRAINTS
                EQ.1; CONSTRAINT EXISTS
                      NORMAL STRESS IN X DIRECTION ..... IOPGS(1) =    0
                      NORMAL STRESS IN Y DIRECTION ..... IOPGS(2) =    0
                      NORMAL STRESS IN Z DIRECTION ..... IOPGS(3) =    0
                      SHEAR STRESS IN XY PLANE ......... IOPGS(4) =    0
                      SHEAR STRESS IN YZ PLANE ......... IOPGS(5) =    0
                      SHEAR STRESS IN ZX PLANE ......... IOPGS(6) =    0






 CARD NUMBER   15



      D A T A   F O R   P O S T - P R O C E S S I N G
      -----------------------------------------------


           KIND OF PRINTOUT OF THE INPUT DATA ............. NULAZ =    1
                LT.0; NO  PRINTOUT
                EQ.0; NULAZ = 1
                EQ.1; CARD IMAGE, INPUT DATA READ AND GENERATED ARE PRINTED
                EQ.2; CARD IMAGE PRINTED
                EQ.3; INPUT DATA READ AND GENERATED ARE PRINTED


           NUMBER OF BLOCKS FOR RESULTS PRINTOUT .......... NBLPR =    0
                EQ.0; RESULTS ARE PRINTED IN ALL TIME STEPS
                LT.0; NO PRINTOUT OF RESULTS


           NUMBER BLOCKS FOR PLOTTING OF RESULTS .......... NBLGR =    0
                EQ.0; RESULTS ARE PLOTTED IN ALL TIME STEPS
                LT.0; NO PLOTTING OF RESULTS


           INDICATOR FOR PRINTING OUTPUT IN SEPARATE FILE . ISTKO =    0
                EQ.0; ALL STEPS PRINTED IN ONE FILE
                EQ.1; RESULTS PRINTED SEPARATELY



           NUMBER OF NODES FOR RESULTS PRINTOUT ........... NCVPR =    0
                EQ.0; PRINTING AT ALL NODES


           INDICATOR FOR PLOTTING TEMPERATURES ............ ISTEM =    0
                EQ.-1; NO PLOTTING


           INDICATOR FOR PLOTTING NODAL NORMAL VECTORS .... ISTVN =    0
                EQ.-1; NO PLOTTING


           INDICATOR FOR PLOTTING NODAL FORCES  ........... ISTSI =    0
                EQ.-1; NO PLOTTING


           INDICATOR FOR PRINTING STRAINS ................. ISTDE =    0
                EQ.-1; NO PRINTING


           INDICATOR FOR PRINTING RESULTS WITHIN ELEMENT .. ISTNA =    0
                EQ. 0; PRINTING AT INTEGRATION POINTS
                EQ. 1; IN ELEMENT CENTER
                EQ. 2; MAXIMUM VALUES






 CARD NUMBER        18



      D A T A    F O R    R E S T A R T 
      ---------------------------------


           INDICATOR FOR JOB EXECUTION  ................... IREST =    0
                EQ.0; JOB EXECUTION
                EQ.1; RESTART OF JOB
                EQ.2; INPUT DATA CHECK


           NUMBER OF EIGEN MODES USED FOR IMPERFECTION .... NMODS =    0
                EQ.0; NO IMPERFECTION
                GT.0; READ EIGEN VECTORS FROM I/O UNIT "ZMODES"


           SOLVER TYPE .................................... ICCGG =    0
                EQ. 0 ; DIRECT SOLUTION - SYMMETRIC
                EQ.-11; MUMPS SYMMETRIC
                EQ.-1 ; ITERATIVE ICCG SOLUTION
                EQ. 1 ; ITERATIVE PCG SOLUTION
                EQ. 2 ; DIRECT SOLUTION - NONSYMMETRIC


           ICCG TOLERANCE ............................. TOLG = 1.000D-03


           ICCG SHIFT VALUE .......................... ALFAG = 0.000D+00


           INDICATOR FOR NUMBER OF PROCESSORS............... IPAR =    1


           A STEP IN WHICH THE RESET DISPLACEMENT WILL BE.. KODUZ =    0







 CARD NUMBER        21



      D A T A   F O R   T I M E   S T E P S
      -------------------------------------


            SOLUTION PERIOD        NUM. OF TIME STEP          TIME STEP
                    1                      1                 1.00000D+00
            ------------------------------------------------------------
            NUMBER OF TIME STEPS   NDT =   1    TOTAL TIME = 1.00000D+00






 CARD NUMBER        24



      D Y N A M I C   A N A L Y S I S
      -------------------------------


           MASS MATRIX CODE ............................... IMASS =    1
                EQ.0; IMASS = 1
                EQ.1; CONSISTENT
                EQ.2; LUMPED (DIAGONAL)


           DAMPING MATRIX CODE ............................ IDAMP =    0
                EQ.0; NO DAMP MATRIX
                EQ.1; COSISTENT
                EQ.2; LUMPED (DIAGONAL)
                EQ.3; RAYLEIGH






 CARD NUMBER        27



      E I G E N P R O B L E M   D A T A
      ---------------------------------


           EIGENPROBLEM INDICATOR ......................... ISTYP =    1
                EQ.0; ISTYP = 1
                EQ.1; SUBSPACE METHOD
                EQ.2; SUBSPACE METHOD (CRITICAL LOADS ARE LARGE)
                EQ.3; LANCHOZ METHOD


           NUMBER OF EIGENVALUES .......................... NSOPV =   10
                EQ.0; NSOPV = 1






 CARD NUMBER        30



      D A T A    F O R    E Q U I L I B R I U M    I T E R A T I O N S
      ----------------------------------------------------------------


           ITERATION METHOD EMPLOYED ...................... METOD =    1
                LT. 0; ITERATION WITH ELASTIC TANGENT MATRIX
                EQ. 0; METOD = 1
                EQ. 1; MODIFIED NEWTON
                EQ. 2; MODIFIED NEWTON + AEITKEN ACCELERATION
                EQ. 3; FULL NEWTON
                EQ. 4; FULL NEWTON + LINE SEARCH
                EQ. 5; BFGS

                       AUTOMATIC LOADING - CONSTANT ARC LENGTH
                EQ.61;                     COMBINED WITH (1)
                EQ.63;                     COMBINED WITH (3)

                       AUTOMATIC LOADING - DISPLACEMENT CONTROL
                EQ.71;                     COMBINED WITH (1)
                EQ.73;                     COMBINED WITH (3)


           MAXIMUM NUMBER OF ITERATIONS IN A STEP ......... MAXIT =   30
                EQ.0; MAXIT = 10


           CONVERGENCE CRITERION  - ENERGY ................ KONVE =    1
                EQ.0; NOT USED
                EQ.1; USED


           CONVERGENCE CRITERION  - FORCE ................. KONVS =    0
                EQ.0; NOT USED
                EQ.1; USED


           CONVERGENCE CRITERION  - MOMENT ................ KONVM =    0
                EQ.0; NOT USED
                EQ.1; USED


           TOLERANCE FOR UNBALANCED ENERGY ............ TOLE = 1.000D-06
                EQ.0; TOLE = 0.01


           TOLERANCE FOR UNBALANCED FORCE ............. TOLS = 1.000D-02


           TOLERANCE FOR UNBALANCED MOMENT ............ TOLM = 1.000D-02


           ABSOLUTE TOLERANCE FOR ENERGY .............. TOLA = 1.000D-10
                EQ.0; TOLA = 1.D-10


           NUMBER DISCRETE EVENTS ......................... NBRCR =    2
                CONCRETE - NUMBER OF CRACKS PER ITERATION IN ELEMENT GROUP
                CONTACT - NUMBER OF CHANGED CONTACT CONDITIONS






 I N P U T   N O D A L   D A T A
 -------------------------------


  NODE COOR    CONSTRAINTS        C  O  O  R  D  I  N  A  T  E  S   STEP SKEW
  NUMB SYST NX NY NZ WX WY WZ        X           Y           Z      GENE SYST
          1       0  0  0  0  0  0      0.050000000    1.000000000    0.000000000   12    0
         61       0  1  0  0  0  0      0.050000000    0.000000000    0.000000000    0    0
          9       0  0  0  0  0  0      0.050000000    0.900000000    0.000000000   12    0
         57       0  0  0  0  0  0      0.050000000    0.100000000    0.000000000    0    0
          4       0  0  0  0  0  0      0.050000000    1.000000000    0.050000000   12    0
         64       0  1  1  0  0  0      0.050000000    0.000000000    0.050000000    0    0
         11       0  0  0  0  0  0      0.050000000    0.900000000    0.100000000   12    0
         59       0  0  0  0  0  0      0.050000000    0.100000000    0.100000000    0    0
          6       0  0  0  0  0  0      0.050000000    1.000000000    0.100000000   12    0
         66       0  1  0  0  0  0      0.050000000    0.000000000    0.100000000    0    0
          2       0  0  0  0  0  0      0.025000000    1.000000000    0.000000000   12    0
         62       0  1  0  0  0  0      0.025000000    0.000000000    0.000000000    0    0
          7       0  0  0  0  0  0      0.025000000    1.000000000    0.100000000   12    0
         67       0  1  0  0  0  0      0.025000000    0.000000000    0.100000000    0    0
          3       0  0  0  0  0  0      0.000000000    1.000000000    0.000000000   12    0
         63       0  1  0  0  0  0      0.000000000    0.000000000    0.000000000    0    0
         10       0  0  0  0  0  0      0.000000000    0.900000000    0.000000000   12    0
         58       0  0  0  0  0  0      0.000000000    0.100000000    0.000000000    0    0
          5       0  0  0  0  0  0      0.000000000    1.000000000    0.050000000   12    0
         65       1  1  1  0  0  0      0.000000000    0.000000000    0.050000000    0    0
         12       0  0  0  0  0  0      0.000000000    0.900000000    0.100000000   12    0
         60       0  0  0  0  0  0      0.000000000    0.100000000    0.100000000    0    0
          8       0  0  0  0  0  0      0.000000000    1.000000000    0.100000000   12    0
         68       0  1  0  0  0  0      0.000000000    0.000000000    0.100000000    0    0



1
 CARD FROM NUMBER        33 TO       56



 G E N E R A T E D   N O D A L   D A T A
 ---------------------------------------



  NODE  E Q U A T I O N  N U M B E R   C  O  O  R  D  I  N  A  T  E  S   SKEW
  NUMB                                    X           Y           Z      SYST
          1         1         2         3         0         0         0    0.050000    1.000000    0.000000    0
          2        81        82        83         0         0         0    0.025000    1.000000    0.000000    0
          3       115       116       117         0         0         0    0.000000    1.000000    0.000000    0
          4        33        34        35         0         0         0    0.050000    1.000000    0.050000    0
          5       147       148       149         0         0         0    0.000000    1.000000    0.050000    0
          6        64        65        66         0         0         0    0.050000    1.000000    0.100000    0
          7        98        99       100         0         0         0    0.025000    1.000000    0.100000    0
          8       177       178       179         0         0         0    0.000000    1.000000    0.100000    0
          9        18        19        20         0         0         0    0.050000    0.900000    0.000000    0
         10       132       133       134         0         0         0    0.000000    0.900000    0.000000    0
         11        49        50        51         0         0         0    0.050000    0.900000    0.100000    0
         12       162       163       164         0         0         0    0.000000    0.900000    0.100000    0
         13         4         5         6         0         0         0    0.050000    0.800000    0.000000    0
         14        84        85        86         0         0         0    0.025000    0.800000    0.000000    0
         15       118       119       120         0         0         0    0.000000    0.800000    0.000000    0
         16        36        37        38         0         0         0    0.050000    0.800000    0.050000    0
         17       150       151       152         0         0         0    0.000000    0.800000    0.050000    0
         18        67        68        69         0         0         0    0.050000    0.800000    0.100000    0
         19       101       102       103         0         0         0    0.025000    0.800000    0.100000    0
         20       180       181       182         0         0         0    0.000000    0.800000    0.100000    0
         21        21        22        23         0         0         0    0.050000    0.700000    0.000000    0
         22       135       136       137         0         0         0    0.000000    0.700000    0.000000    0
         23        52        53        54         0         0         0    0.050000    0.700000    0.100000    0
         24       165       166       167         0         0         0    0.000000    0.700000    0.100000    0
         25         7         8         9         0         0         0    0.050000    0.600000    0.000000    0
         26        87        88        89         0         0         0    0.025000    0.600000    0.000000    0
         27       121       122       123         0         0         0    0.000000    0.600000    0.000000    0
         28        39        40        41         0         0         0    0.050000    0.600000    0.050000    0
         29       153       154       155         0         0         0    0.000000    0.600000    0.050000    0
         30        70        71        72         0         0         0    0.050000    0.600000    0.100000    0
         31       104       105       106         0         0         0    0.025000    0.600000    0.100000    0
         32       183       184       185         0         0         0    0.000000    0.600000    0.100000    0
         33        24        25        26         0         0         0    0.050000    0.500000    0.000000    0
         34       138       139       140         0         0         0    0.000000    0.500000    0.000000    0
         35        55        56        57         0         0         0    0.050000    0.500000    0.100000    0
         36       168       169       170         0         0         0    0.000000    0.500000    0.100000    0
         37        10        11        12         0         0         0    0.050000    0.400000    0.000000    0
         38        90        91        92         0         0         0    0.025000    0.400000    0.000000    0
         39       124       125       126         0         0         0    0.000000    0.400000    0.000000    0
         40        42        43        44         0         0         0    0.050000    0.400000    0.050000    0
         41       156       157       158         0         0         0    0.000000    0.400000    0.050000    0
         42        73        74        75         0         0         0    0.050000    0.400000    0.100000    0
         43       107       108       109         0         0         0    0.025000    0.400000    0.100000    0
         44       186       187       188         0         0         0    0.000000    0.400000    0.100000    0
         45        27        28        29         0         0         0    0.050000    0.300000    0.000000    0
         46       141       142       143         0         0         0    0.000000    0.300000    0.000000    0
         47        58        59        60         0         0         0    0.050000    0.300000    0.100000    0
         48       171       172       173         0         0         0    0.000000    0.300000    0.100000    0
         49        13        14        15         0         0         0    0.050000    0.200000    0.000000    0
         50        93        94        95         0         0         0    0.025000    0.200000    0.000000    0
         51       127       128       129         0         0         0    0.000000    0.200000    0.000000    0
         52        45        46        47         0         0         0    0.050000    0.200000    0.050000    0
         53       159       160       161         0         0         0    0.000000    0.200000    0.050000    0
         54        76        77        78         0         0         0    0.050000    0.200000    0.100000    0
         55       110       111       112         0         0         0    0.025000    0.200000    0.100000    0
         56       189       190       191         0         0         0    0.000000    0.200000    0.100000    0
         57        30        31        32         0         0         0    0.050000    0.100000    0.000000    0
         58       144       145       146         0         0         0    0.000000    0.100000    0.000000    0
         59        61        62        63         0         0         0    0.050000    0.100000    0.100000    0
         60       174       175       176         0         0         0    0.000000    0.100000    0.100000    0
         61        16         0        17         0         0         0    0.050000    0.000000    0.000000    0
         62        96         0        97         0         0         0    0.025000    0.000000    0.000000    0
         63       130         0       131         0         0         0    0.000000    0.000000    0.000000    0
         64        48         0         0         0         0         0    0.050000    0.000000    0.050000    0
         65         0         0         0         0         0         0    0.000000    0.000000    0.050000    0
         66        79         0        80         0         0         0    0.050000    0.000000    0.100000    0
         67       113         0       114         0         0         0    0.025000    0.000000    0.100000    0
         68       192         0       193         0         0         0    0.000000    0.000000    0.100000    0



1
 CARD NUMBER        59



      D A T A   F O R   M A T E R I A L   M O D E L S
      -----------------------------------------------


           MODEL   NUMBER OF MATERIALS   MAX NUMBER OF POINTS ON CURVE
             1            1                       1






      D  A  T  A     F  O  R     M  A  T  E  R  I  A  L  S
      ----------------------------------------------------






 CARD FROM NUMBER        62 TO       69



      MATERIAL MODEL NUMBER =     1  (LINEAR ELASTIC ISOTROPIC)


           MATERIAL NUMBER =    1


                Y O U N G S    M O D U L U S ........... E = 2.00000D+11

                P O I S S O N S    R A T I O ........... V = 3.00000D-01

                D E N S I T Y ....................... GUST = 7.80000D+03



1
      I N P U T    D A T A    F O R    E L E M E N T  G R O U P S
      -------------------------------------------------------------






 CARD NUMBER        72



           ELEMENT TYPE FOR GROUP      1 .................. NETIP =    3
                EQ.1 ; TRUSS                            (2    NODES)
                EQ.11; ELASTIC SUPPORT                  (1    NODES)
                EQ.12; GAP                              (2    NODES)
                EQ.20; ELEMENT FREE GALERKIN 2/D                    
                EQ.2 ; ISOPARAMETRIC 2/D                (4-9  NODES)
                EQ.21; ISOPARAMETRIC TRIANGULAR 2/D     (3-6  NODES)
                EQ.3 ; ISOPARAMETRIC 3/D                (8-21 NODES)
                EQ.31; ISOPARAMETRIC PRISMATIC          (6-15 NODES)
                EQ.32; ISOPARAMETRIC PYRAMIDAL          (5-13 NODES)
                EQ.33; ISOPARAMETRIC TETRAHEDRONAL      (4-10 NODES)
                EQ.5 ; TRIANGULAR PLATE - D K T         (3    NODES)
                EQ.6 ; THIN-WALLED BEAM                 (2    NODES)
                EQ.7 ; AXISYMMETRIC SHELL               (2-4  NODES)
                EQ.8 ; ISOPARAMETRIC SHELL              (4-9  NODES)
                EQ.81; ISOPARAMETRIC TRIANGULAR SHELL   (3-6  NODES)
                EQ.82; SHELL - A C S PINSKY & JANG      (9    NODES)
                EQ.83; SHELL - GELIN & BOISSE           (3    NODES)
                EQ.84; SHELL - BATHE & DVORKIN          (4    NODES)
                EQ.85; PLATE - SELECTIVE INTEGRATION    (4-9  NODES)
                EQ.9 ; BEAM SUPERELEMENT                (2-3  NODES)
                EQ.92; CONTACT 2/D                      (2    NODES)
                EQ.93; CONTACT 3/D                      (4    NODES)


           NUMBER OF ELEMENTS IN THE GROUP      1 ......... NE =       1
                GT.0;


           INDICATOR FOR TYPE OF ANALYSIS FOR GROUP     1 . IATYP =    0
                EQ. 0; LINEAR ANALYSIS
                EQ. 1; MATERIALLY NONLINEAR ANALYSIS
                EQ. 2; TOTAL LAGRANGIAN
                EQ. 3; UPDATED LAGRANGIAN
                EQ.-4; LARGE STRAIN - GREEN LAGRANGE
                EQ. 4; LARGE STRAIN - ROTATED GREEN LAGRANGE
                EQ.-5; LARGE STRAIN - LOGARITHMIC STRAIN
                EQ. 5; LARGE STRAIN - ROTATED LOGARITHMIC STRAIN


           NUMBER OF MATERIAL MODELS FOR GROUP      1 ....  NMODM =    1
                EQ.0; NMODM=1
                EQ.1; ELASTIC ISOTROPIC
                EQ.2; ELASTIC ANISOTROPIC
                EQ.3; THERMO-ELASTIC ISOTROPIC
                EQ.4; THERMO-ELASTIC ORTHOTROPIC
                EQ.5; VON MISES ELASTIC-PLASTIC WITH ISOTROPIC HARDENING
                EQ.6; VON MISES ELASTIC-PLASTIC WITH MIXED HARDENING
                EQ.7; SOIL PLASTICITY - GENERAL CAP
                EQ.8; SOIL ANISOTROPIC PLASTICITY (CAM-CLAY)
                EQ.9; SOIL ISOTROPIC PLASTICITY (CAM-CLAY)
               EQ.10; ELASTIC-PLASTIC ORTHOTROPIC
               EQ.11; GAP - STRESS
               EQ.12; GAP - FORCE
               EQ.13; GENERAL ANISOTROPIC ELASTIC-PLASTIC
               EQ.14; VON MISES THERMO-ELASTIC-PLASTIC WITH MIXED HARDENING
               EQ.15; THERMO-ELASTIC WITH CREEP
               EQ.16; VON MISES THERMO-ELASTIC-PLASTIC (WITH MIXED HARDENING)
                      AND CREEP
               EQ.17; VON MISES THERMO-ELASTIC-PLASTIC (WITH MIXED HARDENING)
                      (ORTHOTROPIC)
               EQ.18; THERMO-ELASTIC WITH CREEP (ORTHOTROPIC)
               EQ.19; VON MISES THERMO-ELASTIC-PLASTIC (WITH MIXED HARDENING)
                      AND CREEP (ORTHOTROPIC)
               EQ.20; VON MISES VISCO-PLASTIC ISOTROPIC WITH MIXED HARDENING
               EQ.21; VON MISES VISCO-PLASTIC ORTHOTROPIC WITH MIXED HARDENING
               EQ.22; CAM-CLAY VISCOPLASTICITY
               EQ.23; SOIL CAP MODEL - VISCOPLASTICITY
               EQ.24; LINEAR VISCOELASTIC
               EQ.25; ROCKS-CST / JOINT
               EQ.27; CONCRETE
               EQ.28; RUBBER
               EQ.29; ANAND`S PLASTIC ISOTROPIC
               EQ.30; ELASTIC MATERIAL WITH INTERNAL FRICTION
               EQ.31; HILLS MUSCLE MODEL
               EQ.32; BIOLOGICAL STRESS-STRETCH MODEL FOR PASSIVE STATE
               EQ.33; BIOLOGICAL STRESS-STRETCH MODEL FOR PASSIVE STATE
                      WITH CREEP
               EQ.34; BIOLOGICAL STRESS-STRETCH MODEL FOR ACTIVE STATE
               EQ.40; GURSON
               EQ.56; CONCRETE DAMAGE
               EQ.61; ISOTROPIC DAMAGE MODEL (OLIVER)



           ELEMENT BIRTH OPTION INDICATOR ................ INDBTH =    0
                EQ.0; OPTION NOT USED
                EQ.1; OPTION USED


           ELEMENT DEATH OPTION INDICATOR ................ INDDTH =    0
                EQ.0; OPTION NOT USED
                EQ.1; OPTION USED


           COORDINATE SYSTEM INDICATOR FOR MATRIX B ...... INDKOV =    0
                EQ.-1; COVARIANT SYSTEM
                EQ.-2; COVARIANT SYSTEM, WITHOUT BNL
                EQ. 0; NOT USED
                EQ. 1; CARTESIAN SYSTEM
                EQ. 2; CARTESIAN SYSTEM, WITHOUT BNL

           INDICATOR FOR INITIAL STRESS ................. ISTRESS =    0
                EQ.-1; CALCULATION OF INITIAL STRESS AND DISPLACEMENT

                EQ. 0; OPTION NOT USED
                EQ. 1; INITIAL STRESS USED (COPY CONFIGURATION FROM LST)

           CORECTION COEFFICIENT FOR SHEAR MODULUS GYZ-COEF1 = 8.333D-01
                EQ.0.; COEF1=5./6

           CORECTION COEFFICIENT FOR SHEAR MODULUS GZX-COEF2 = 8.333D-01
                EQ.0.; COEF2=5./6

           CORECTION COEFFICIENT FOR SHEAR MODULUS GXY-COEF3 = 1.000D+00
                EQ.0.; COEF3=1. 






 CARD NUMBER        76



           NUMBER OF GAUSS POINTS IN R-DIRECTION ......... NGAUSX =    3
                EQ.0; NGAUSX = 2


           NUMBER OF GAUSS POINTS IN S-DIRECTION ......... NGAUSY =    3
                EQ.0; NGAUSY = 2


           NUMBER OF GAUSS POINTS IN T-DIRECTION ......... NGAUSZ =    3
                EQ.0; NGAUSZ = 2


           ANGLE OF FIBER TO REFERENT DIRECTION ....... BETA = 0.000D+00


           METHOD OF INCOMPATIBLE MODES ................... IALFA =    2
                EQ.-1; NOT USED
                EQ. 0; IALFA=2
                EQ. 1;  9 PARAMETERS - TAYLOR
                EQ. 2; 18 PARAMETERS
                EQ. 3; 12 PARAMETERS
                EQ. 6; 30 PARAMETERS



 READING DATA ABOUT ISOPARAMETRIC 3/D ELEMENTS FOR GROUP     1
 -------------------------------------------------------------


 ELEME  NOD1 NOD2 NOD3 NOD4 NOD5 NOD6 NOD7 NOD8  MATER COORD STRES STRES  STEP
 NUMBE                                            NUMB PRINT PRINT  NODE GENER
       NOD9 NO10 NO11 NO12 NO13 NO14 NO15 NO16 NO17 NO18 NO19 NO20 NO21
         1          8        20        18         6         3        15        13         1      1     0     0     0     0
              12        19        11         7        10        14         9         2         5        17        16         4         0






 CARD FROM NUMBER        79 TO       85



 GENERATED DATA ABOUT TO ISOPARAMETRIC 3/D ELEMENTS FOR GROUP     1
 ------------------------------------------------------------------


 ELEME  NOD1 NOD2 NOD3 NOD4 NOD5 NOD6 NOD7 NOD8  MATER COORD STRES STRES
 NUMBE                                            NUMB PRINT PRINT  NODE
       NOD9 NO10 NO11 NO12 NO13 NO14 NO15 NO16 NO17 NO18 NO19 NO20 NO21
         1          8        20        18         6         3        15        13         1      1     0     0     0
              12        19        11         7        10        14         9         2         5        17        16         4
  AU matrix memory MB=           0
 ELEMENT=       1  STRETCH= 0.1890 < 0.25


 MINIMAL DISTANCE BETWEEN NODES       8 AND       7 IN ELEMENT       1 IS DISTANCE= 2.50000E-02



           GROUP NUMBER    1  SPACE IN WORKING VECTOR ... NPROS =     6896







 CARD NUMBER        88



           ELEMENT TYPE FOR GROUP      2 .................. NETIP =    3
                EQ.1 ; TRUSS                            (2    NODES)
                EQ.11; ELASTIC SUPPORT                  (1    NODES)
                EQ.12; GAP                              (2    NODES)
                EQ.20; ELEMENT FREE GALERKIN 2/D                    
                EQ.2 ; ISOPARAMETRIC 2/D                (4-9  NODES)
                EQ.21; ISOPARAMETRIC TRIANGULAR 2/D     (3-6  NODES)
                EQ.3 ; ISOPARAMETRIC 3/D                (8-21 NODES)
                EQ.31; ISOPARAMETRIC PRISMATIC          (6-15 NODES)
                EQ.32; ISOPARAMETRIC PYRAMIDAL          (5-13 NODES)
                EQ.33; ISOPARAMETRIC TETRAHEDRONAL      (4-10 NODES)
                EQ.5 ; TRIANGULAR PLATE - D K T         (3    NODES)
                EQ.6 ; THIN-WALLED BEAM                 (2    NODES)
                EQ.7 ; AXISYMMETRIC SHELL               (2-4  NODES)
                EQ.8 ; ISOPARAMETRIC SHELL              (4-9  NODES)
                EQ.81; ISOPARAMETRIC TRIANGULAR SHELL   (3-6  NODES)
                EQ.82; SHELL - A C S PINSKY & JANG      (9    NODES)
                EQ.83; SHELL - GELIN & BOISSE           (3    NODES)
                EQ.84; SHELL - BATHE & DVORKIN          (4    NODES)
                EQ.85; PLATE - SELECTIVE INTEGRATION    (4-9  NODES)
                EQ.9 ; BEAM SUPERELEMENT                (2-3  NODES)
                EQ.92; CONTACT 2/D                      (2    NODES)
                EQ.93; CONTACT 3/D                      (4    NODES)


           NUMBER OF ELEMENTS IN THE GROUP      2 ......... NE =       1
                GT.0;


           INDICATOR FOR TYPE OF ANALYSIS FOR GROUP     2 . IATYP =    0
                EQ. 0; LINEAR ANALYSIS
                EQ. 1; MATERIALLY NONLINEAR ANALYSIS
                EQ. 2; TOTAL LAGRANGIAN
                EQ. 3; UPDATED LAGRANGIAN
                EQ.-4; LARGE STRAIN - GREEN LAGRANGE
                EQ. 4; LARGE STRAIN - ROTATED GREEN LAGRANGE
                EQ.-5; LARGE STRAIN - LOGARITHMIC STRAIN
                EQ. 5; LARGE STRAIN - ROTATED LOGARITHMIC STRAIN


           NUMBER OF MATERIAL MODELS FOR GROUP      2 ....  NMODM =    1
                EQ.0; NMODM=1
                EQ.1; ELASTIC ISOTROPIC
                EQ.2; ELASTIC ANISOTROPIC
                EQ.3; THERMO-ELASTIC ISOTROPIC
                EQ.4; THERMO-ELASTIC ORTHOTROPIC
                EQ.5; VON MISES ELASTIC-PLASTIC WITH ISOTROPIC HARDENING
                EQ.6; VON MISES ELASTIC-PLASTIC WITH MIXED HARDENING
                EQ.7; SOIL PLASTICITY - GENERAL CAP
                EQ.8; SOIL ANISOTROPIC PLASTICITY (CAM-CLAY)
                EQ.9; SOIL ISOTROPIC PLASTICITY (CAM-CLAY)
               EQ.10; ELASTIC-PLASTIC ORTHOTROPIC
               EQ.11; GAP - STRESS
               EQ.12; GAP - FORCE
               EQ.13; GENERAL ANISOTROPIC ELASTIC-PLASTIC
               EQ.14; VON MISES THERMO-ELASTIC-PLASTIC WITH MIXED HARDENING
               EQ.15; THERMO-ELASTIC WITH CREEP
               EQ.16; VON MISES THERMO-ELASTIC-PLASTIC (WITH MIXED HARDENING)
                      AND CREEP
               EQ.17; VON MISES THERMO-ELASTIC-PLASTIC (WITH MIXED HARDENING)
                      (ORTHOTROPIC)
               EQ.18; THERMO-ELASTIC WITH CREEP (ORTHOTROPIC)
               EQ.19; VON MISES THERMO-ELASTIC-PLASTIC (WITH MIXED HARDENING)
                      AND CREEP (ORTHOTROPIC)
               EQ.20; VON MISES VISCO-PLASTIC ISOTROPIC WITH MIXED HARDENING
               EQ.21; VON MISES VISCO-PLASTIC ORTHOTROPIC WITH MIXED HARDENING
               EQ.22; CAM-CLAY VISCOPLASTICITY
               EQ.23; SOIL CAP MODEL - VISCOPLASTICITY
               EQ.24; LINEAR VISCOELASTIC
               EQ.25; ROCKS-CST / JOINT
               EQ.27; CONCRETE
               EQ.28; RUBBER
               EQ.29; ANAND`S PLASTIC ISOTROPIC
               EQ.30; ELASTIC MATERIAL WITH INTERNAL FRICTION
               EQ.31; HILLS MUSCLE MODEL
               EQ.32; BIOLOGICAL STRESS-STRETCH MODEL FOR PASSIVE STATE
               EQ.33; BIOLOGICAL STRESS-STRETCH MODEL FOR PASSIVE STATE
                      WITH CREEP
               EQ.34; BIOLOGICAL STRESS-STRETCH MODEL FOR ACTIVE STATE
               EQ.40; GURSON
               EQ.56; CONCRETE DAMAGE
               EQ.61; ISOTROPIC DAMAGE MODEL (OLIVER)



           ELEMENT BIRTH OPTION INDICATOR ................ INDBTH =    0
                EQ.0; OPTION NOT USED
                EQ.1; OPTION USED


           ELEMENT DEATH OPTION INDICATOR ................ INDDTH =    0
                EQ.0; OPTION NOT USED
                EQ.1; OPTION USED


           COORDINATE SYSTEM INDICATOR FOR MATRIX B ...... INDKOV =    0
                EQ.-1; COVARIANT SYSTEM
                EQ.-2; COVARIANT SYSTEM, WITHOUT BNL
                EQ. 0; NOT USED
                EQ. 1; CARTESIAN SYSTEM
                EQ. 2; CARTESIAN SYSTEM, WITHOUT BNL

           INDICATOR FOR INITIAL STRESS ................. ISTRESS =    0
                EQ.-1; CALCULATION OF INITIAL STRESS AND DISPLACEMENT

                EQ. 0; OPTION NOT USED
                EQ. 1; INITIAL STRESS USED (COPY CONFIGURATION FROM LST)

           CORECTION COEFFICIENT FOR SHEAR MODULUS GYZ-COEF1 = 8.333D-01
                EQ.0.; COEF1=5./6

           CORECTION COEFFICIENT FOR SHEAR MODULUS GZX-COEF2 = 8.333D-01
                EQ.0.; COEF2=5./6

           CORECTION COEFFICIENT FOR SHEAR MODULUS GXY-COEF3 = 1.000D+00
                EQ.0.; COEF3=1. 






 CARD NUMBER        92



           NUMBER OF GAUSS POINTS IN R-DIRECTION ......... NGAUSX =    3
                EQ.0; NGAUSX = 2


           NUMBER OF GAUSS POINTS IN S-DIRECTION ......... NGAUSY =    3
                EQ.0; NGAUSY = 2


           NUMBER OF GAUSS POINTS IN T-DIRECTION ......... NGAUSZ =    3
                EQ.0; NGAUSZ = 2


           ANGLE OF FIBER TO REFERENT DIRECTION ....... BETA = 0.000D+00


           METHOD OF INCOMPATIBLE MODES ................... IALFA =    2
                EQ.-1; NOT USED
                EQ. 0; IALFA=2
                EQ. 1;  9 PARAMETERS - TAYLOR
                EQ. 2; 18 PARAMETERS
                EQ. 3; 12 PARAMETERS
                EQ. 6; 30 PARAMETERS



 READING DATA ABOUT ISOPARAMETRIC 3/D ELEMENTS FOR GROUP     2
 -------------------------------------------------------------


 ELEME  NOD1 NOD2 NOD3 NOD4 NOD5 NOD6 NOD7 NOD8  MATER COORD STRES STRES  STEP
 NUMBE                                            NUMB PRINT PRINT  NODE GENER
       NOD9 NO10 NO11 NO12 NO13 NO14 NO15 NO16 NO17 NO18 NO19 NO20 NO21
         1         20        32        30        18        15        27        25        13      1     0     0     0     0
              24        31        23        19        22        26        21        14        17        29        28        16         0






 CARD FROM NUMBER        95 TO      102



 GENERATED DATA ABOUT TO ISOPARAMETRIC 3/D ELEMENTS FOR GROUP     2
 ------------------------------------------------------------------


 ELEME  NOD1 NOD2 NOD3 NOD4 NOD5 NOD6 NOD7 NOD8  MATER COORD STRES STRES
 NUMBE                                            NUMB PRINT PRINT  NODE
       NOD9 NO10 NO11 NO12 NO13 NO14 NO15 NO16 NO17 NO18 NO19 NO20 NO21
         1         20        32        30        18        15        27        25        13      1     0     0     0
              24        31        23        19        22        26        21        14        17        29        28        16
  AU matrix memory MB=           0
 ELEMENT=       1  STRETCH= 0.1890 < 0.25


 MINIMAL DISTANCE BETWEEN NODES      20 AND      19 IN ELEMENT       1 IS DISTANCE= 2.50000E-02



           GROUP NUMBER    2  SPACE IN WORKING VECTOR ... NPROS =     6896







 CARD NUMBER       104



           ELEMENT TYPE FOR GROUP      3 .................. NETIP =    3
                EQ.1 ; TRUSS                            (2    NODES)
                EQ.11; ELASTIC SUPPORT                  (1    NODES)
                EQ.12; GAP                              (2    NODES)
                EQ.20; ELEMENT FREE GALERKIN 2/D                    
                EQ.2 ; ISOPARAMETRIC 2/D                (4-9  NODES)
                EQ.21; ISOPARAMETRIC TRIANGULAR 2/D     (3-6  NODES)
                EQ.3 ; ISOPARAMETRIC 3/D                (8-21 NODES)
                EQ.31; ISOPARAMETRIC PRISMATIC          (6-15 NODES)
                EQ.32; ISOPARAMETRIC PYRAMIDAL          (5-13 NODES)
                EQ.33; ISOPARAMETRIC TETRAHEDRONAL      (4-10 NODES)
                EQ.5 ; TRIANGULAR PLATE - D K T         (3    NODES)
                EQ.6 ; THIN-WALLED BEAM                 (2    NODES)
                EQ.7 ; AXISYMMETRIC SHELL               (2-4  NODES)
                EQ.8 ; ISOPARAMETRIC SHELL              (4-9  NODES)
                EQ.81; ISOPARAMETRIC TRIANGULAR SHELL   (3-6  NODES)
                EQ.82; SHELL - A C S PINSKY & JANG      (9    NODES)
                EQ.83; SHELL - GELIN & BOISSE           (3    NODES)
                EQ.84; SHELL - BATHE & DVORKIN          (4    NODES)
                EQ.85; PLATE - SELECTIVE INTEGRATION    (4-9  NODES)
                EQ.9 ; BEAM SUPERELEMENT                (2-3  NODES)
                EQ.92; CONTACT 2/D                      (2    NODES)
                EQ.93; CONTACT 3/D                      (4    NODES)


           NUMBER OF ELEMENTS IN THE GROUP      3 ......... NE =       1
                GT.0;


           INDICATOR FOR TYPE OF ANALYSIS FOR GROUP     3 . IATYP =    0
                EQ. 0; LINEAR ANALYSIS
                EQ. 1; MATERIALLY NONLINEAR ANALYSIS
                EQ. 2; TOTAL LAGRANGIAN
                EQ. 3; UPDATED LAGRANGIAN
                EQ.-4; LARGE STRAIN - GREEN LAGRANGE
                EQ. 4; LARGE STRAIN - ROTATED GREEN LAGRANGE
                EQ.-5; LARGE STRAIN - LOGARITHMIC STRAIN
                EQ. 5; LARGE STRAIN - ROTATED LOGARITHMIC STRAIN


           NUMBER OF MATERIAL MODELS FOR GROUP      3 ....  NMODM =    1
                EQ.0; NMODM=1
                EQ.1; ELASTIC ISOTROPIC
                EQ.2; ELASTIC ANISOTROPIC
                EQ.3; THERMO-ELASTIC ISOTROPIC
                EQ.4; THERMO-ELASTIC ORTHOTROPIC
                EQ.5; VON MISES ELASTIC-PLASTIC WITH ISOTROPIC HARDENING
                EQ.6; VON MISES ELASTIC-PLASTIC WITH MIXED HARDENING
                EQ.7; SOIL PLASTICITY - GENERAL CAP
                EQ.8; SOIL ANISOTROPIC PLASTICITY (CAM-CLAY)
                EQ.9; SOIL ISOTROPIC PLASTICITY (CAM-CLAY)
               EQ.10; ELASTIC-PLASTIC ORTHOTROPIC
               EQ.11; GAP - STRESS
               EQ.12; GAP - FORCE
               EQ.13; GENERAL ANISOTROPIC ELASTIC-PLASTIC
               EQ.14; VON MISES THERMO-ELASTIC-PLASTIC WITH MIXED HARDENING
               EQ.15; THERMO-ELASTIC WITH CREEP
               EQ.16; VON MISES THERMO-ELASTIC-PLASTIC (WITH MIXED HARDENING)
                      AND CREEP
               EQ.17; VON MISES THERMO-ELASTIC-PLASTIC (WITH MIXED HARDENING)
                      (ORTHOTROPIC)
               EQ.18; THERMO-ELASTIC WITH CREEP (ORTHOTROPIC)
               EQ.19; VON MISES THERMO-ELASTIC-PLASTIC (WITH MIXED HARDENING)
                      AND CREEP (ORTHOTROPIC)
               EQ.20; VON MISES VISCO-PLASTIC ISOTROPIC WITH MIXED HARDENING
               EQ.21; VON MISES VISCO-PLASTIC ORTHOTROPIC WITH MIXED HARDENING
               EQ.22; CAM-CLAY VISCOPLASTICITY
               EQ.23; SOIL CAP MODEL - VISCOPLASTICITY
               EQ.24; LINEAR VISCOELASTIC
               EQ.25; ROCKS-CST / JOINT
               EQ.27; CONCRETE
               EQ.28; RUBBER
               EQ.29; ANAND`S PLASTIC ISOTROPIC
               EQ.30; ELASTIC MATERIAL WITH INTERNAL FRICTION
               EQ.31; HILLS MUSCLE MODEL
               EQ.32; BIOLOGICAL STRESS-STRETCH MODEL FOR PASSIVE STATE
               EQ.33; BIOLOGICAL STRESS-STRETCH MODEL FOR PASSIVE STATE
                      WITH CREEP
               EQ.34; BIOLOGICAL STRESS-STRETCH MODEL FOR ACTIVE STATE
               EQ.40; GURSON
               EQ.56; CONCRETE DAMAGE
               EQ.61; ISOTROPIC DAMAGE MODEL (OLIVER)



           ELEMENT BIRTH OPTION INDICATOR ................ INDBTH =    0
                EQ.0; OPTION NOT USED
                EQ.1; OPTION USED


           ELEMENT DEATH OPTION INDICATOR ................ INDDTH =    0
                EQ.0; OPTION NOT USED
                EQ.1; OPTION USED


           COORDINATE SYSTEM INDICATOR FOR MATRIX B ...... INDKOV =    0
                EQ.-1; COVARIANT SYSTEM
                EQ.-2; COVARIANT SYSTEM, WITHOUT BNL
                EQ. 0; NOT USED
                EQ. 1; CARTESIAN SYSTEM
                EQ. 2; CARTESIAN SYSTEM, WITHOUT BNL

           INDICATOR FOR INITIAL STRESS ................. ISTRESS =    0
                EQ.-1; CALCULATION OF INITIAL STRESS AND DISPLACEMENT

                EQ. 0; OPTION NOT USED
                EQ. 1; INITIAL STRESS USED (COPY CONFIGURATION FROM LST)

           CORECTION COEFFICIENT FOR SHEAR MODULUS GYZ-COEF1 = 8.333D-01
                EQ.0.; COEF1=5./6

           CORECTION COEFFICIENT FOR SHEAR MODULUS GZX-COEF2 = 8.333D-01
                EQ.0.; COEF2=5./6

           CORECTION COEFFICIENT FOR SHEAR MODULUS GXY-COEF3 = 1.000D+00
                EQ.0.; COEF3=1. 






 CARD NUMBER       108



           NUMBER OF GAUSS POINTS IN R-DIRECTION ......... NGAUSX =    3
                EQ.0; NGAUSX = 2


           NUMBER OF GAUSS POINTS IN S-DIRECTION ......... NGAUSY =    3
                EQ.0; NGAUSY = 2


           NUMBER OF GAUSS POINTS IN T-DIRECTION ......... NGAUSZ =    3
                EQ.0; NGAUSZ = 2


           ANGLE OF FIBER TO REFERENT DIRECTION ....... BETA = 0.000D+00


           METHOD OF INCOMPATIBLE MODES ................... IALFA =    2
                EQ.-1; NOT USED
                EQ. 0; IALFA=2
                EQ. 1;  9 PARAMETERS - TAYLOR
                EQ. 2; 18 PARAMETERS
                EQ. 3; 12 PARAMETERS
                EQ. 6; 30 PARAMETERS



 READING DATA ABOUT ISOPARAMETRIC 3/D ELEMENTS FOR GROUP     3
 -------------------------------------------------------------


 ELEME  NOD1 NOD2 NOD3 NOD4 NOD5 NOD6 NOD7 NOD8  MATER COORD STRES STRES  STEP
 NUMBE                                            NUMB PRINT PRINT  NODE GENER
       NOD9 NO10 NO11 NO12 NO13 NO14 NO15 NO16 NO17 NO18 NO19 NO20 NO21
         1         32        44        42        30        27        39        37        25      1     0     0     0     0
              36        43        35        31        34        38        33        26        29        41        40        28         0






 CARD FROM NUMBER       111 TO      118



 GENERATED DATA ABOUT TO ISOPARAMETRIC 3/D ELEMENTS FOR GROUP     3
 ------------------------------------------------------------------


 ELEME  NOD1 NOD2 NOD3 NOD4 NOD5 NOD6 NOD7 NOD8  MATER COORD STRES STRES
 NUMBE                                            NUMB PRINT PRINT  NODE
       NOD9 NO10 NO11 NO12 NO13 NO14 NO15 NO16 NO17 NO18 NO19 NO20 NO21
         1         32        44        42        30        27        39        37        25      1     0     0     0
              36        43        35        31        34        38        33        26        29        41        40        28
  AU matrix memory MB=           0
 ELEMENT=       1  STRETCH= 0.1890 < 0.25


 MINIMAL DISTANCE BETWEEN NODES      32 AND      31 IN ELEMENT       1 IS DISTANCE= 2.50000E-02



           GROUP NUMBER    3  SPACE IN WORKING VECTOR ... NPROS =     6896







 CARD NUMBER       120



           ELEMENT TYPE FOR GROUP      4 .................. NETIP =    3
                EQ.1 ; TRUSS                            (2    NODES)
                EQ.11; ELASTIC SUPPORT                  (1    NODES)
                EQ.12; GAP                              (2    NODES)
                EQ.20; ELEMENT FREE GALERKIN 2/D                    
                EQ.2 ; ISOPARAMETRIC 2/D                (4-9  NODES)
                EQ.21; ISOPARAMETRIC TRIANGULAR 2/D     (3-6  NODES)
                EQ.3 ; ISOPARAMETRIC 3/D                (8-21 NODES)
                EQ.31; ISOPARAMETRIC PRISMATIC          (6-15 NODES)
                EQ.32; ISOPARAMETRIC PYRAMIDAL          (5-13 NODES)
                EQ.33; ISOPARAMETRIC TETRAHEDRONAL      (4-10 NODES)
                EQ.5 ; TRIANGULAR PLATE - D K T         (3    NODES)
                EQ.6 ; THIN-WALLED BEAM                 (2    NODES)
                EQ.7 ; AXISYMMETRIC SHELL               (2-4  NODES)
                EQ.8 ; ISOPARAMETRIC SHELL              (4-9  NODES)
                EQ.81; ISOPARAMETRIC TRIANGULAR SHELL   (3-6  NODES)
                EQ.82; SHELL - A C S PINSKY & JANG      (9    NODES)
                EQ.83; SHELL - GELIN & BOISSE           (3    NODES)
                EQ.84; SHELL - BATHE & DVORKIN          (4    NODES)
                EQ.85; PLATE - SELECTIVE INTEGRATION    (4-9  NODES)
                EQ.9 ; BEAM SUPERELEMENT                (2-3  NODES)
                EQ.92; CONTACT 2/D                      (2    NODES)
                EQ.93; CONTACT 3/D                      (4    NODES)


           NUMBER OF ELEMENTS IN THE GROUP      4 ......... NE =       1
                GT.0;


           INDICATOR FOR TYPE OF ANALYSIS FOR GROUP     4 . IATYP =    0
                EQ. 0; LINEAR ANALYSIS
                EQ. 1; MATERIALLY NONLINEAR ANALYSIS
                EQ. 2; TOTAL LAGRANGIAN
                EQ. 3; UPDATED LAGRANGIAN
                EQ.-4; LARGE STRAIN - GREEN LAGRANGE
                EQ. 4; LARGE STRAIN - ROTATED GREEN LAGRANGE
                EQ.-5; LARGE STRAIN - LOGARITHMIC STRAIN
                EQ. 5; LARGE STRAIN - ROTATED LOGARITHMIC STRAIN


           NUMBER OF MATERIAL MODELS FOR GROUP      4 ....  NMODM =    1
                EQ.0; NMODM=1
                EQ.1; ELASTIC ISOTROPIC
                EQ.2; ELASTIC ANISOTROPIC
                EQ.3; THERMO-ELASTIC ISOTROPIC
                EQ.4; THERMO-ELASTIC ORTHOTROPIC
                EQ.5; VON MISES ELASTIC-PLASTIC WITH ISOTROPIC HARDENING
                EQ.6; VON MISES ELASTIC-PLASTIC WITH MIXED HARDENING
                EQ.7; SOIL PLASTICITY - GENERAL CAP
                EQ.8; SOIL ANISOTROPIC PLASTICITY (CAM-CLAY)
                EQ.9; SOIL ISOTROPIC PLASTICITY (CAM-CLAY)
               EQ.10; ELASTIC-PLASTIC ORTHOTROPIC
               EQ.11; GAP - STRESS
               EQ.12; GAP - FORCE
               EQ.13; GENERAL ANISOTROPIC ELASTIC-PLASTIC
               EQ.14; VON MISES THERMO-ELASTIC-PLASTIC WITH MIXED HARDENING
               EQ.15; THERMO-ELASTIC WITH CREEP
               EQ.16; VON MISES THERMO-ELASTIC-PLASTIC (WITH MIXED HARDENING)
                      AND CREEP
               EQ.17; VON MISES THERMO-ELASTIC-PLASTIC (WITH MIXED HARDENING)
                      (ORTHOTROPIC)
               EQ.18; THERMO-ELASTIC WITH CREEP (ORTHOTROPIC)
               EQ.19; VON MISES THERMO-ELASTIC-PLASTIC (WITH MIXED HARDENING)
                      AND CREEP (ORTHOTROPIC)
               EQ.20; VON MISES VISCO-PLASTIC ISOTROPIC WITH MIXED HARDENING
               EQ.21; VON MISES VISCO-PLASTIC ORTHOTROPIC WITH MIXED HARDENING
               EQ.22; CAM-CLAY VISCOPLASTICITY
               EQ.23; SOIL CAP MODEL - VISCOPLASTICITY
               EQ.24; LINEAR VISCOELASTIC
               EQ.25; ROCKS-CST / JOINT
               EQ.27; CONCRETE
               EQ.28; RUBBER
               EQ.29; ANAND`S PLASTIC ISOTROPIC
               EQ.30; ELASTIC MATERIAL WITH INTERNAL FRICTION
               EQ.31; HILLS MUSCLE MODEL
               EQ.32; BIOLOGICAL STRESS-STRETCH MODEL FOR PASSIVE STATE
               EQ.33; BIOLOGICAL STRESS-STRETCH MODEL FOR PASSIVE STATE
                      WITH CREEP
               EQ.34; BIOLOGICAL STRESS-STRETCH MODEL FOR ACTIVE STATE
               EQ.40; GURSON
               EQ.56; CONCRETE DAMAGE
               EQ.61; ISOTROPIC DAMAGE MODEL (OLIVER)



           ELEMENT BIRTH OPTION INDICATOR ................ INDBTH =    0
                EQ.0; OPTION NOT USED
                EQ.1; OPTION USED


           ELEMENT DEATH OPTION INDICATOR ................ INDDTH =    0
                EQ.0; OPTION NOT USED
                EQ.1; OPTION USED


           COORDINATE SYSTEM INDICATOR FOR MATRIX B ...... INDKOV =    0
                EQ.-1; COVARIANT SYSTEM
                EQ.-2; COVARIANT SYSTEM, WITHOUT BNL
                EQ. 0; NOT USED
                EQ. 1; CARTESIAN SYSTEM
                EQ. 2; CARTESIAN SYSTEM, WITHOUT BNL

           INDICATOR FOR INITIAL STRESS ................. ISTRESS =    0
                EQ.-1; CALCULATION OF INITIAL STRESS AND DISPLACEMENT

                EQ. 0; OPTION NOT USED
                EQ. 1; INITIAL STRESS USED (COPY CONFIGURATION FROM LST)

           CORECTION COEFFICIENT FOR SHEAR MODULUS GYZ-COEF1 = 8.333D-01
                EQ.0.; COEF1=5./6

           CORECTION COEFFICIENT FOR SHEAR MODULUS GZX-COEF2 = 8.333D-01
                EQ.0.; COEF2=5./6

           CORECTION COEFFICIENT FOR SHEAR MODULUS GXY-COEF3 = 1.000D+00
                EQ.0.; COEF3=1. 






 CARD NUMBER       124



           NUMBER OF GAUSS POINTS IN R-DIRECTION ......... NGAUSX =    3
                EQ.0; NGAUSX = 2


           NUMBER OF GAUSS POINTS IN S-DIRECTION ......... NGAUSY =    3
                EQ.0; NGAUSY = 2


           NUMBER OF GAUSS POINTS IN T-DIRECTION ......... NGAUSZ =    3
                EQ.0; NGAUSZ = 2


           ANGLE OF FIBER TO REFERENT DIRECTION ....... BETA = 0.000D+00


           METHOD OF INCOMPATIBLE MODES ................... IALFA =    2
                EQ.-1; NOT USED
                EQ. 0; IALFA=2
                EQ. 1;  9 PARAMETERS - TAYLOR
                EQ. 2; 18 PARAMETERS
                EQ. 3; 12 PARAMETERS
                EQ. 6; 30 PARAMETERS



 READING DATA ABOUT ISOPARAMETRIC 3/D ELEMENTS FOR GROUP     4
 -------------------------------------------------------------


 ELEME  NOD1 NOD2 NOD3 NOD4 NOD5 NOD6 NOD7 NOD8  MATER COORD STRES STRES  STEP
 NUMBE                                            NUMB PRINT PRINT  NODE GENER
       NOD9 NO10 NO11 NO12 NO13 NO14 NO15 NO16 NO17 NO18 NO19 NO20 NO21
         1         44        56        54        42        39        51        49        37      1     0     0     0     0
              48        55        47        43        46        50        45        38        41        53        52        40         0






 CARD FROM NUMBER       127 TO      134



 GENERATED DATA ABOUT TO ISOPARAMETRIC 3/D ELEMENTS FOR GROUP     4
 ------------------------------------------------------------------


 ELEME  NOD1 NOD2 NOD3 NOD4 NOD5 NOD6 NOD7 NOD8  MATER COORD STRES STRES
 NUMBE                                            NUMB PRINT PRINT  NODE
       NOD9 NO10 NO11 NO12 NO13 NO14 NO15 NO16 NO17 NO18 NO19 NO20 NO21
         1         44        56        54        42        39        51        49        37      1     0     0     0
              48        55        47        43        46        50        45        38        41        53        52        40
  AU matrix memory MB=           0
 ELEMENT=       1  STRETCH= 0.1890 < 0.25


 MINIMAL DISTANCE BETWEEN NODES      44 AND      43 IN ELEMENT       1 IS DISTANCE= 2.50000E-02



           GROUP NUMBER    4  SPACE IN WORKING VECTOR ... NPROS =     6896







 CARD NUMBER       135



           ELEMENT TYPE FOR GROUP      5 .................. NETIP =    3
                EQ.1 ; TRUSS                            (2    NODES)
                EQ.11; ELASTIC SUPPORT                  (1    NODES)
                EQ.12; GAP                              (2    NODES)
                EQ.20; ELEMENT FREE GALERKIN 2/D                    
                EQ.2 ; ISOPARAMETRIC 2/D                (4-9  NODES)
                EQ.21; ISOPARAMETRIC TRIANGULAR 2/D     (3-6  NODES)
                EQ.3 ; ISOPARAMETRIC 3/D                (8-21 NODES)
                EQ.31; ISOPARAMETRIC PRISMATIC          (6-15 NODES)
                EQ.32; ISOPARAMETRIC PYRAMIDAL          (5-13 NODES)
                EQ.33; ISOPARAMETRIC TETRAHEDRONAL      (4-10 NODES)
                EQ.5 ; TRIANGULAR PLATE - D K T         (3    NODES)
                EQ.6 ; THIN-WALLED BEAM                 (2    NODES)
                EQ.7 ; AXISYMMETRIC SHELL               (2-4  NODES)
                EQ.8 ; ISOPARAMETRIC SHELL              (4-9  NODES)
                EQ.81; ISOPARAMETRIC TRIANGULAR SHELL   (3-6  NODES)
                EQ.82; SHELL - A C S PINSKY & JANG      (9    NODES)
                EQ.83; SHELL - GELIN & BOISSE           (3    NODES)
                EQ.84; SHELL - BATHE & DVORKIN          (4    NODES)
                EQ.85; PLATE - SELECTIVE INTEGRATION    (4-9  NODES)
                EQ.9 ; BEAM SUPERELEMENT                (2-3  NODES)
                EQ.92; CONTACT 2/D                      (2    NODES)
                EQ.93; CONTACT 3/D                      (4    NODES)


           NUMBER OF ELEMENTS IN THE GROUP      5 ......... NE =       1
                GT.0;


           INDICATOR FOR TYPE OF ANALYSIS FOR GROUP     5 . IATYP =    0
                EQ. 0; LINEAR ANALYSIS
                EQ. 1; MATERIALLY NONLINEAR ANALYSIS
                EQ. 2; TOTAL LAGRANGIAN
                EQ. 3; UPDATED LAGRANGIAN
                EQ.-4; LARGE STRAIN - GREEN LAGRANGE
                EQ. 4; LARGE STRAIN - ROTATED GREEN LAGRANGE
                EQ.-5; LARGE STRAIN - LOGARITHMIC STRAIN
                EQ. 5; LARGE STRAIN - ROTATED LOGARITHMIC STRAIN


           NUMBER OF MATERIAL MODELS FOR GROUP      5 ....  NMODM =    1
                EQ.0; NMODM=1
                EQ.1; ELASTIC ISOTROPIC
                EQ.2; ELASTIC ANISOTROPIC
                EQ.3; THERMO-ELASTIC ISOTROPIC
                EQ.4; THERMO-ELASTIC ORTHOTROPIC
                EQ.5; VON MISES ELASTIC-PLASTIC WITH ISOTROPIC HARDENING
                EQ.6; VON MISES ELASTIC-PLASTIC WITH MIXED HARDENING
                EQ.7; SOIL PLASTICITY - GENERAL CAP
                EQ.8; SOIL ANISOTROPIC PLASTICITY (CAM-CLAY)
                EQ.9; SOIL ISOTROPIC PLASTICITY (CAM-CLAY)
               EQ.10; ELASTIC-PLASTIC ORTHOTROPIC
               EQ.11; GAP - STRESS
               EQ.12; GAP - FORCE
               EQ.13; GENERAL ANISOTROPIC ELASTIC-PLASTIC
               EQ.14; VON MISES THERMO-ELASTIC-PLASTIC WITH MIXED HARDENING
               EQ.15; THERMO-ELASTIC WITH CREEP
               EQ.16; VON MISES THERMO-ELASTIC-PLASTIC (WITH MIXED HARDENING)
                      AND CREEP
               EQ.17; VON MISES THERMO-ELASTIC-PLASTIC (WITH MIXED HARDENING)
                      (ORTHOTROPIC)
               EQ.18; THERMO-ELASTIC WITH CREEP (ORTHOTROPIC)
               EQ.19; VON MISES THERMO-ELASTIC-PLASTIC (WITH MIXED HARDENING)
                      AND CREEP (ORTHOTROPIC)
               EQ.20; VON MISES VISCO-PLASTIC ISOTROPIC WITH MIXED HARDENING
               EQ.21; VON MISES VISCO-PLASTIC ORTHOTROPIC WITH MIXED HARDENING
               EQ.22; CAM-CLAY VISCOPLASTICITY
               EQ.23; SOIL CAP MODEL - VISCOPLASTICITY
               EQ.24; LINEAR VISCOELASTIC
               EQ.25; ROCKS-CST / JOINT
               EQ.27; CONCRETE
               EQ.28; RUBBER
               EQ.29; ANAND`S PLASTIC ISOTROPIC
               EQ.30; ELASTIC MATERIAL WITH INTERNAL FRICTION
               EQ.31; HILLS MUSCLE MODEL
               EQ.32; BIOLOGICAL STRESS-STRETCH MODEL FOR PASSIVE STATE
               EQ.33; BIOLOGICAL STRESS-STRETCH MODEL FOR PASSIVE STATE
                      WITH CREEP
               EQ.34; BIOLOGICAL STRESS-STRETCH MODEL FOR ACTIVE STATE
               EQ.40; GURSON
               EQ.56; CONCRETE DAMAGE
               EQ.61; ISOTROPIC DAMAGE MODEL (OLIVER)



           ELEMENT BIRTH OPTION INDICATOR ................ INDBTH =    0
                EQ.0; OPTION NOT USED
                EQ.1; OPTION USED


           ELEMENT DEATH OPTION INDICATOR ................ INDDTH =    0
                EQ.0; OPTION NOT USED
                EQ.1; OPTION USED


           COORDINATE SYSTEM INDICATOR FOR MATRIX B ...... INDKOV =    0
                EQ.-1; COVARIANT SYSTEM
                EQ.-2; COVARIANT SYSTEM, WITHOUT BNL
                EQ. 0; NOT USED
                EQ. 1; CARTESIAN SYSTEM
                EQ. 2; CARTESIAN SYSTEM, WITHOUT BNL

           INDICATOR FOR INITIAL STRESS ................. ISTRESS =    0
                EQ.-1; CALCULATION OF INITIAL STRESS AND DISPLACEMENT

                EQ. 0; OPTION NOT USED
                EQ. 1; INITIAL STRESS USED (COPY CONFIGURATION FROM LST)

           CORECTION COEFFICIENT FOR SHEAR MODULUS GYZ-COEF1 = 8.333D-01
                EQ.0.; COEF1=5./6

           CORECTION COEFFICIENT FOR SHEAR MODULUS GZX-COEF2 = 8.333D-01
                EQ.0.; COEF2=5./6

           CORECTION COEFFICIENT FOR SHEAR MODULUS GXY-COEF3 = 1.000D+00
                EQ.0.; COEF3=1. 






 CARD NUMBER       136



           NUMBER OF GAUSS POINTS IN R-DIRECTION ......... NGAUSX =    3
                EQ.0; NGAUSX = 2


           NUMBER OF GAUSS POINTS IN S-DIRECTION ......... NGAUSY =    3
                EQ.0; NGAUSY = 2


           NUMBER OF GAUSS POINTS IN T-DIRECTION ......... NGAUSZ =    3
                EQ.0; NGAUSZ = 2


           ANGLE OF FIBER TO REFERENT DIRECTION ....... BETA = 0.000D+00


           METHOD OF INCOMPATIBLE MODES ................... IALFA =    2
                EQ.-1; NOT USED
                EQ. 0; IALFA=2
                EQ. 1;  9 PARAMETERS - TAYLOR
                EQ. 2; 18 PARAMETERS
                EQ. 3; 12 PARAMETERS
                EQ. 6; 30 PARAMETERS



 READING DATA ABOUT ISOPARAMETRIC 3/D ELEMENTS FOR GROUP     5
 -------------------------------------------------------------


 ELEME  NOD1 NOD2 NOD3 NOD4 NOD5 NOD6 NOD7 NOD8  MATER COORD STRES STRES  STEP
 NUMBE                                            NUMB PRINT PRINT  NODE GENER
       NOD9 NO10 NO11 NO12 NO13 NO14 NO15 NO16 NO17 NO18 NO19 NO20 NO21
         1         56        68        66        54        51        63        61        49      1     0     0     0     0
              60        67        59        55        58        62        57        50        53        65        64        52         0






 CARD FROM NUMBER       137 TO      139



 GENERATED DATA ABOUT TO ISOPARAMETRIC 3/D ELEMENTS FOR GROUP     5
 ------------------------------------------------------------------


 ELEME  NOD1 NOD2 NOD3 NOD4 NOD5 NOD6 NOD7 NOD8  MATER COORD STRES STRES
 NUMBE                                            NUMB PRINT PRINT  NODE
       NOD9 NO10 NO11 NO12 NO13 NO14 NO15 NO16 NO17 NO18 NO19 NO20 NO21
         1         56        68        66        54        51        63        61        49      1     0     0     0
              60        67        59        55        58        62        57        50        53        65        64        52
  AU matrix memory MB=           0
 ELEMENT=       1  STRETCH= 0.1890 < 0.25


 MINIMAL DISTANCE BETWEEN NODES      56 AND      55 IN ELEMENT       1 IS DISTANCE= 2.50000E-02



           GROUP NUMBER    5  SPACE IN WORKING VECTOR ... NPROS =     6896




1
 CARD NUMBER       142



      D A T A    F O R    T I M E    F U N C T I O N S
      ------------------------------------------------


           NUMBER OF DIFFERENT TIME FUNCTIONS ............ NTABFT =    1
                EQ.0; THERE ARE NO TIME FUNCTIONS


           MAX NO OF POINTS FOR DEFINITION OF TIME FUNCT . MAXTFT =    2
                EQ.0; THERE ARE NO TIME FUNCTIONS
                EQ.1; TIME FUNCTIONS ARE CONSTANT
                GT.1; TIME FUNCTIONS ARE VARIABLE






      T I M E    F U N C T I O N S
      ----------------------------






 CARD FROM NUMBER       146 TO      150



      FUNCTION SEQUENCE NUMBER ....................... =    1
      NUMBER OF POINTS FOR TIME FUNCTION DEFINITION .. =    2


            ARGUMENT      FUNCTION
          0.00000D+00   1.00000D+00
          1.00000D+01   1.00000D+00



1


      G E N E R A L    D A T A    A B O U T    L O A D S
      --------------------------------------------------






 CARD NUMBER       153



           NUMBER OF CONCENTRATED FORCES AND MOMENTS ........ NCF =        0
                EQ.0; NO CONCENTARTED FORCES


           NUMBER OF LINES UNDER PRESSURE .................. NPP2 =        0
                EQ.0; NO LINES UNDER PRESSURE


           NUMBER OF SURFACES UNDER PRESSURE ............... NPP3 =        0
                EQ.0; NO SURFACES UNDER PRESSURE


           NUMBER OF THIN-WALLED BEAM NODES UNDER PRESSURE . NPGR =        0
                EQ.0; NO THIN-WALLED BEAMS UNDER PRESSURE


           NUMBER OF AXISYMMETRIC SHELLS UNDER PRESSURE .... NPLJ =        0
                EQ.0; NO AXISYMMETRIC SHELLS UNDER PRESSURE


           NUMBER OF NODES WITH TEMPERATURE ............... NTEMP =        0
                LT.0; TEMPERATURES ARE READ FROM UNIT 56
                EQ.0; TEMPERATURES ARE NOT USED IN ANALYSIS


           NUMBER OF PRESCRIBED DISPLACEMENTS ............. NZADP =        0
                EQ.0; NO PRESCRIBED DISPLACEMENTS


           NUMBER OF BODY FORCES .......................... INDZS =        0
                EQ.0; NO BODY FORCES


           NUMBER OF STEPS FOR FILTRATION FORCES ......... ICERNE =        0
                EQ.0; NO FILTRATION FORCES



1


      DATA ABOUT DIMENSIONS OF THE SYSTEM MATRIX AND THE WORKING ARRAY A
      ------------------------------------------------------------------



           NUMBER OF EQUATIONS ......................... JEDN =       193

           NUMBER OF ELEMENTS IN THE SYSTEM MATRIX ...... NWK =     17773

           MAXIMUM HEIGHT COLUMN IN THE SYSTEM MATRIX ... MHC =       182

           REQUIRED DIMENSION IN THE WORKING ARRAY ..... LMAX =     82570

           MAXIMUM TOTAL STORAGE AVAILABLE ............. MTOT = 400000000



 NGE,GRZAP,ITER           1  1.000000000000002E-003           0
 NGE,GRZAP,ITER           2  1.000000000000001E-003           0
 NGE,GRZAP,ITER           3  1.000000000000002E-003           0
 NGE,GRZAP,ITER           4  1.000000000000001E-003           0
 NGE,GRZAP,ITER           5  1.000000000000002E-003           0
 WK,NS,LRTD          35        2821
 iskdsk           0
 WK,NS,LRTD          54       38367


 R E P O R T   O N   E N D   O F   P R O G R A M
